../Src/LineFollower.c:17:6:delay	16	static
../Src/LineFollower.c:24:6:MotorSpeed_PWM_Config	8	static
../Src/LineFollower.c:40:6:MotorSpeed_PWM_GPIO_Config	8	static
../Src/LineFollower.c:55:6:MotorControl_GPIO_Config	8	static
../Src/LineFollower.c:83:6:IR_GPIO_Config	8	static
../Src/LineFollower.c:96:6:SetSpeed	16	static
../Src/LineFollower.c:108:6:moveForward	8	static
../Src/LineFollower.c:123:6:moveRight	8	static
../Src/LineFollower.c:141:6:moveLeft	8	static
../Src/LineFollower.c:158:6:stop	8	static
../Src/LineFollower.c:176:5:main	8	static
